DOMAIN-SUFFIX,4pda.to
DOMAIN-SUFFIX,clashofclans.com
DOMAIN-SUFFIX,clashroyaleapp.com
DOMAIN-SUFFIX,claude.ai
DOMAIN-SUFFIX,dis.gd
DOMAIN-SUFFIX,discord-activities.com
DOMAIN-SUFFIX,discord-attachments-uploads-prd.storage.googleapis.com
DOMAIN-SUFFIX,discord.co
DOMAIN-SUFFIX,discord.com
DOMAIN-SUFFIX,discord.design
DOMAIN-SUFFIX,discord.dev
DOMAIN-SUFFIX,discord.gg
DOMAIN-SUFFIX,discord.gift
DOMAIN-SUFFIX,discord.gifts
DOMAIN-SUFFIX,discord.media
DOMAIN-SUFFIX,discord.new
DOMAIN-SUFFIX,discord.store
DOMAIN-SUFFIX,discord.tools
DOMAIN-SUFFIX,discordactivities.com
DOMAIN-SUFFIX,discordapp.com
DOMAIN-SUFFIX,discordapp.net
DOMAIN-SUFFIX,discordmerch.com
DOMAIN-SUFFIX,discordpartygames.com
DOMAIN-SUFFIX,discordsays.com
DOMAIN-SUFFIX,discours.io
DOMAIN-SUFFIX,disctech.com
DOMAIN-SUFFIX,facebook.com
DOMAIN-SUFFIX,facebook.net
DOMAIN-SUFFIX,googlevideo.com
DOMAIN-SUFFIX,instagram.com
DOMAIN-SUFFIX,meta.com
DOMAIN-SUFFIX,metacritic.com
DOMAIN-SUFFIX,twitter.biz
DOMAIN-SUFFIX,twitter.com
DOMAIN-SUFFIX,twitter.jp
DOMAIN-SUFFIX,twittercommunity.com
DOMAIN-SUFFIX,twitterflightschool.com
DOMAIN-SUFFIX,twitterinc.com
DOMAIN-SUFFIX,twitteroauth.com
DOMAIN-SUFFIX,twitterstat.us
DOMAIN-SUFFIX,twtrdns.net
DOMAIN-SUFFIX,twttr.com
DOMAIN-SUFFIX,twttr.net
DOMAIN-SUFFIX,twvid.com
DOMAIN-SUFFIX,youtu.be
DOMAIN-SUFFIX,youtube-nocookie.com
DOMAIN-SUFFIX,youtube-ui.l.google.com
DOMAIN-SUFFIX,youtube.com
DOMAIN-SUFFIX,youtubeembeddedplayer.googleapis.com
DOMAIN-SUFFIX,youtubei.googleapis.com
DOMAIN-SUFFIX,youtubekids.com
DOMAIN-SUFFIX,yt-video-upload.l.google.com
DOMAIN-SUFFIX,ytimg.com
DOMAIN-SUFFIX,ytimg.l.google.com
